    Updating crates.io index
 Downloading crates ...
  Downloaded socket2 v0.6.5
  Downloaded bytes v1.11.1
  Downloaded shlex v1.3.0
  Downloaded crc32c v0.6.8
  Downloaded cc v1.2.51
  Downloaded rustc_version v0.4.1
  Downloaded tokio-macros v2.7.2
  Downloaded errno v0.3.14
  Downloaded mimalloc v0.1.52
  Downloaded pin-project-lite v0.2.16
  Downloaded signal-hook-registry v1.4.8
  Downloaded find-msvc-tools v0.1.6
  Downloaded unicode-ident v1.0.24
  Downloaded quote v1.0.45
  Downloaded semver v1.0.27
  Downloaded proc-macro2 v1.0.105
  Downloaded mio v1.2.2
  Downloaded syn v3.0.3
  Downloaded libmimalloc-sys v0.1.49
  Downloaded libc v0.2.185
  Downloaded tokio v1.53.1
   Compiling libc v0.2.185
   Compiling proc-macro2 v1.0.105
   Compiling shlex v1.3.0
   Compiling quote v1.0.45
   Compiling find-msvc-tools v0.1.6
   Compiling unicode-ident v1.0.24
   Compiling cc v1.2.51
   Compiling semver v1.0.27
   Compiling rustc_version v0.4.1
   Compiling syn v3.0.3
   Compiling libmimalloc-sys v0.1.49
   Compiling crc32c v0.6.8
   Compiling errno v0.3.14
   Compiling signal-hook-registry v1.4.8
   Compiling tokio-macros v2.7.2
   Compiling socket2 v0.6.5
   Compiling mio v1.2.2
   Compiling bytes v1.11.1
   Compiling pin-project-lite v0.2.16
   Compiling mimalloc v0.1.52
   Compiling dodb-core v0.1.0 (/bench/btrfs/db/oci-a1-scaling-20260930/fn0/dodb/crates/dodb-core)
   Compiling tokio v1.53.1
   Compiling dodb-storage v0.1.0 (/bench/btrfs/db/oci-a1-scaling-20260930/fn0/dodb/crates/dodb-storage)
    Finished `release` profile [optimized + debuginfo] target(s) in 51.81s
