attempt-02-get-rep01-main-btree START 2026-10-08T01:22:23Z
attempt-02-get-rep01-main-btree END 2026-10-08T01:22:29Z exit=0
attempt-02-get-rep01-planned-blink START 2026-10-08T01:22:29Z
attempt-02-get-rep01-planned-blink END 2026-10-08T01:22:36Z exit=0
attempt-02-get-rep02-planned-blink START 2026-10-08T01:22:36Z
attempt-02-get-rep02-planned-blink END 2026-10-08T01:22:42Z exit=0
attempt-02-get-rep02-main-btree START 2026-10-08T01:22:42Z
attempt-02-get-rep02-main-btree END 2026-10-08T01:22:49Z exit=0
attempt-02-get-rep03-main-btree START 2026-10-08T01:22:49Z
attempt-02-get-rep03-main-btree END 2026-10-08T01:22:55Z exit=0
attempt-02-get-rep03-planned-blink START 2026-10-08T01:22:55Z
attempt-02-get-rep03-planned-blink END 2026-10-08T01:23:02Z exit=0
attempt-02-query16-rep01-main-btree START 2026-10-08T01:23:02Z
attempt-02-query16-rep01-main-btree END 2026-10-08T01:23:08Z exit=0
attempt-02-query16-rep01-planned-blink START 2026-10-08T01:23:08Z
attempt-02-query16-rep01-planned-blink END 2026-10-08T01:23:15Z exit=0
attempt-02-query16-rep02-planned-blink START 2026-10-08T01:23:15Z
attempt-02-query16-rep02-planned-blink END 2026-10-08T01:23:21Z exit=0
attempt-02-query16-rep02-main-btree START 2026-10-08T01:23:21Z
attempt-02-query16-rep02-main-btree END 2026-10-08T01:23:28Z exit=0
attempt-02-query16-rep03-main-btree START 2026-10-08T01:23:28Z
attempt-02-query16-rep03-main-btree END 2026-10-08T01:23:34Z exit=0
attempt-02-query16-rep03-planned-blink START 2026-10-08T01:23:34Z
attempt-02-query16-rep03-planned-blink END 2026-10-08T01:23:41Z exit=0
