get-rep01-main-btree START 2026-10-08T01:19:27Z
get-rep01-main-btree END 2026-10-08T01:19:27Z exit=0
get-rep01-planned-blink START 2026-10-08T01:19:27Z
get-rep01-planned-blink END 2026-10-08T01:19:27Z exit=0
get-rep02-planned-blink START 2026-10-08T01:19:27Z
get-rep02-planned-blink END 2026-10-08T01:19:27Z exit=0
get-rep02-main-btree START 2026-10-08T01:19:27Z
get-rep02-main-btree END 2026-10-08T01:19:27Z exit=0
get-rep03-main-btree START 2026-10-08T01:19:27Z
get-rep03-main-btree END 2026-10-08T01:19:27Z exit=0
get-rep03-planned-blink START 2026-10-08T01:19:27Z
get-rep03-planned-blink END 2026-10-08T01:19:27Z exit=0
query16-rep01-main-btree START 2026-10-08T01:19:27Z
query16-rep01-main-btree END 2026-10-08T01:19:27Z exit=0
query16-rep01-planned-blink START 2026-10-08T01:19:27Z
query16-rep01-planned-blink END 2026-10-08T01:19:27Z exit=0
query16-rep02-planned-blink START 2026-10-08T01:19:27Z
query16-rep02-planned-blink END 2026-10-08T01:19:27Z exit=0
query16-rep02-main-btree START 2026-10-08T01:19:27Z
query16-rep02-main-btree END 2026-10-08T01:19:27Z exit=0
query16-rep03-main-btree START 2026-10-08T01:19:27Z
query16-rep03-main-btree END 2026-10-08T01:19:27Z exit=0
query16-rep03-planned-blink START 2026-10-08T01:19:27Z
query16-rep03-planned-blink END 2026-10-08T01:19:27Z exit=0
mixed-w4-rep01-main-btree START 2026-10-08T01:19:27Z
mixed-w4-rep01-main-btree END 2026-10-08T01:19:34Z exit=0
mixed-w4-rep01-planned-blink START 2026-10-08T01:19:34Z
mixed-w4-rep01-planned-blink END 2026-10-08T01:19:40Z exit=0
mixed-w4-rep02-planned-blink START 2026-10-08T01:19:40Z
mixed-w4-rep02-planned-blink END 2026-10-08T01:19:47Z exit=0
mixed-w4-rep02-main-btree START 2026-10-08T01:19:47Z
mixed-w4-rep02-main-btree END 2026-10-08T01:19:53Z exit=0
mixed-w4-rep03-main-btree START 2026-10-08T01:19:53Z
mixed-w4-rep03-main-btree END 2026-10-08T01:20:00Z exit=0
mixed-w4-rep03-planned-blink START 2026-10-08T01:20:00Z
mixed-w4-rep03-planned-blink END 2026-10-08T01:20:06Z exit=0
mixed-w8-rep01-main-btree START 2026-10-08T01:20:06Z
mixed-w8-rep01-main-btree END 2026-10-08T01:20:13Z exit=0
mixed-w8-rep01-planned-blink START 2026-10-08T01:20:13Z
mixed-w8-rep01-planned-blink END 2026-10-08T01:20:19Z exit=0
mixed-w8-rep02-planned-blink START 2026-10-08T01:20:19Z
mixed-w8-rep02-planned-blink END 2026-10-08T01:20:26Z exit=0
mixed-w8-rep02-main-btree START 2026-10-08T01:20:26Z
mixed-w8-rep02-main-btree END 2026-10-08T01:20:32Z exit=0
mixed-w8-rep03-main-btree START 2026-10-08T01:20:32Z
mixed-w8-rep03-main-btree END 2026-10-08T01:20:39Z exit=0
mixed-w8-rep03-planned-blink START 2026-10-08T01:20:39Z
mixed-w8-rep03-planned-blink END 2026-10-08T01:20:45Z exit=0
