   Compiling dodb-storage v0.1.0 (/bench/zfs/db/product-build/dodb-mixed-aae183ee/dodb/crates/dodb-storage)
warning: constant `BASE_SEED` is never used
 --> dodb/crates/dodb-storage/src/bin/../../../../experiments/mixed-harness/harness/common/workload.rs:4:11
  |
4 | pub const BASE_SEED: u64 = 979_000_000;
  |           ^^^^^^^^^
  |
  = note: `#[warn(dead_code)]` (part of `#[warn(unused)]`) on by default

warning: constant `SEED_STRIDE` is never used
 --> dodb/crates/dodb-storage/src/bin/../../../../experiments/mixed-harness/harness/common/workload.rs:5:11
  |
5 | pub const SEED_STRIDE: u64 = 1_009;
  |           ^^^^^^^^^^^

warning: variants `SameLeafHeavy`, `DifferentLeafHeavy`, and `Hotspot` are never constructed
  --> dodb/crates/dodb-storage/src/bin/../../../../experiments/mixed-harness/harness/common/workload.rs:14:5
   |
12 | pub enum Distribution {
   |          ------------ variants in this enum
13 |     Uniform,
14 |     SameLeafHeavy,
   |     ^^^^^^^^^^^^^
15 |     DifferentLeafHeavy,
   |     ^^^^^^^^^^^^^^^^^^
16 |     Hotspot,
   |     ^^^^^^^
   |
   = note: `Distribution` has derived impls for the traits `Debug` and `Clone`, but these are intentionally ignored during dead code analysis

warning: associated items `parse`, `as_str`, and `report_name` are never used
  --> dodb/crates/dodb-storage/src/bin/../../../../experiments/mixed-harness/harness/common/workload.rs:51:12
   |
50 | impl Distribution {
   | ----------------- associated items in this implementation
51 |     pub fn parse(value: &str) -> Self {
   |            ^^^^^
...
61 |     pub fn as_str(self) -> &'static str {
   |            ^^^^^^
...
70 |     pub fn report_name(self) -> &'static str {
   |            ^^^^^^^^^^^

warning: method `next_read_key` is never used
   --> dodb/crates/dodb-storage/src/bin/../../../../experiments/mixed-harness/harness/common/workload.rs:163:12
    |
112 | impl WorkloadGenerator {
    | ---------------------- method in this implementation
...
163 |     pub fn next_read_key(&mut self) -> Vec<u8> {
    |            ^^^^^^^^^^^^^

warning: function `invocation_seed` is never used
   --> dodb/crates/dodb-storage/src/bin/../../../../experiments/mixed-harness/harness/common/workload.rs:258:8
    |
258 | pub fn invocation_seed(scenario_index: u64, repetition_index: u64) -> u64 {
    |        ^^^^^^^^^^^^^^^

warning: struct `TraceHash` is never constructed
   --> dodb/crates/dodb-storage/src/bin/../../../../experiments/mixed-harness/harness/common/workload.rs:553:12
    |
553 | pub struct TraceHash {
    |            ^^^^^^^^^

warning: associated items `new`, `absorb`, and `push_transaction` are never used
   --> dodb/crates/dodb-storage/src/bin/../../../../experiments/mixed-harness/harness/common/workload.rs:559:12
    |
558 | impl TraceHash {
    | -------------- associated items in this implementation
559 |     pub fn new() -> Self {
    |            ^^^
...
566 |     fn absorb(&mut self, bytes: &[u8]) {
    |        ^^^^^^
...
573 |     pub fn push_transaction<'a>(
    |            ^^^^^^^^^^^^^^^^

warning: method `merge` is never used
   --> dodb/crates/dodb-storage/src/bin/../../../../experiments/mixed-harness/harness/common/workload.rs:625:12
    |
603 | impl LatencySamples {
    | ------------------- method in this implementation
...
625 |     pub fn merge(&mut self, other: Self) {
    |            ^^^^^

warning: `dodb-storage` (bin "blink-fixed-group-bench") generated 9 warnings
    Finished `release` profile [optimized + debuginfo] target(s) in 10.35s
